// Jest Snapshot v1, https://goo.gl/fbAQLP

exports[`TestGas gas cost of saveOrderWithTpSl 1`] = `112005`;

exports[`TestGas gas cost of testKey 1`] = `43506`;

exports[`TestGas gas cost of testKeys 1`] = `45750`;

exports[`TestGas gas cost of testKeys 2`] = `314324`;

exports[`TestGas gas cost test maping(address=>struct) 1`] = `178589`;
