// Jest Snapshot v1, https://goo.gl/fbAQLP

exports[`Router: increase position ar addLiquidity cast 1`] = `307797`;

exports[`Router: increase position ar createDecreaseOrder cast 1`] = `423578`;

exports[`Router: increase position ar createIncreaseOrderWithoutTpSl cast 1`] = `423435`;

exports[`Router: increase position ar executeDecreaseOrder cast 1`] = `308815`;

exports[`Router: increase position ar executeDecreaseOrder cast 2`] = `307797`;

exports[`Router: increase position ar executeIncreaseOrder cast 1`] = `528668`;
